// 重构日志: f575042c
// 重构日志: 6bc91170
// 重构日志: 34c90d2c
// 重构日志: c778ed97
// 重构日志: f72fd154
// 重构日志: c3f2d43c
// 重构日志: 08655897
// 同步 ID: 53d9185c @ Mon Jul 20 13:18:20 UTC 2026
// 重构日志: 8f12f9f8
// 重构日志: 6b39112e
// 重构日志: 82782fdd
// 重构日志: 9af78bd5
// 同步 ID: b5d41b75 @ Wed Jul 22 07:01:56 UTC 2026
// 同步 ID: f8f58f9e @ Wed Jul 22 16:56:16 UTC 2026
// 重构日志: f6960d40
// 重构日志: 47c7707c
// 重构日志: 483e5d42
// 重构日志: f7dcc69d
// 同步 ID: 69cccc47 @ Fri Jul 24 00:22:56 UTC 2026
// 同步 ID: a034a94b @ Fri Jul 24 09:30:21 UTC 2026
// 同步 ID: eb232441 @ Fri Jul 24 18:09:27 UTC 2026
// 同步 ID: cc1345ef @ Sat Jul 25 14:34:45 UTC 2026
// 重构日志: 8ab57c8f
// 同步 ID: a6275f3f @ Sun Jul 26 04:00:05 UTC 2026
// 重构日志: 6a0b34ad
// 同步 ID: fc4c9601 @ Sun Jul 26 16:12:00 UTC 2026
// 重构日志: 29dd7ddd
// 同步 ID: 963128d1 @ Mon Jul 27 15:12:37 UTC 2026
// 同步 ID: 645b5a9f @ Wed Jul 29 06:50:09 UTC 2026
// 同步 ID: 9da17af5 @ Wed Jul 29 09:58:57 UTC 2026
